node.exe : npm warn config optional Use `--omit=optional` to exclude optional dependencies, or
No C:\Program Files\nodejs\npm.ps1:29 caractere:3
+   & $NODE_EXE $NPM_CLI_JS $args
+   ~~~~~~~~~~~~~~~~~~~~~~~~~~~~~
    + CategoryInfo          : NotSpecified: (npm warn config...ependencies, or:String) [], RemoteException
    + FullyQualifiedErrorId : NativeCommandError
 
npm warn config `--include=optional` to include them.
npm warn config
npm warn config       Default value does install optional deps unless otherwise omitted.

> notion-spark-studio@0.1.0 test
> jest --passWithNoTests

'jest' não é reconhecido como um comando interno
ou externo, um programa operável ou um arquivo em lotes.
